Archive member included to satisfy reference by file (symbol)

/usr/lib/gcc/arm-none-eabi/9.2.1/../../../arm-none-eabi/lib/thumb/v7e-m+fp/hard/libc_nano.a(lib_a-atexit.o)
                              /usr/lib/gcc/arm-none-eabi/9.2.1/../../../arm-none-eabi/lib/thumb/v7e-m+fp/hard/crt0.o (atexit)
/usr/lib/gcc/arm-none-eabi/9.2.1/../../../arm-none-eabi/lib/thumb/v7e-m+fp/hard/libc_nano.a(lib_a-errno.o)
                              ./Core/Src/syscalls.o (__errno)
/usr/lib/gcc/arm-none-eabi/9.2.1/../../../arm-none-eabi/lib/thumb/v7e-m+fp/hard/libc_nano.a(lib_a-exit.o)
                              /usr/lib/gcc/arm-none-eabi/9.2.1/../../../arm-none-eabi/lib/thumb/v7e-m+fp/hard/crt0.o (exit)
/usr/lib/gcc/arm-none-eabi/9.2.1/../../../arm-none-eabi/lib/thumb/v7e-m+fp/hard/libc_nano.a(lib_a-fini.o)
                              /usr/lib/gcc/arm-none-eabi/9.2.1/../../../arm-none-eabi/lib/thumb/v7e-m+fp/hard/crt0.o (__libc_fini_array)
/usr/lib/gcc/arm-none-eabi/9.2.1/../../../arm-none-eabi/lib/thumb/v7e-m+fp/hard/libc_nano.a(lib_a-impure.o)
                              /usr/lib/gcc/arm-none-eabi/9.2.1/../../../arm-none-eabi/lib/thumb/v7e-m+fp/hard/libc_nano.a(lib_a-exit.o) (_global_impure_ptr)
/usr/lib/gcc/arm-none-eabi/9.2.1/../../../arm-none-eabi/lib/thumb/v7e-m+fp/hard/libc_nano.a(lib_a-init.o)
                              /usr/lib/gcc/arm-none-eabi/9.2.1/../../../arm-none-eabi/lib/thumb/v7e-m+fp/hard/crt0.o (__libc_init_array)
/usr/lib/gcc/arm-none-eabi/9.2.1/../../../arm-none-eabi/lib/thumb/v7e-m+fp/hard/libc_nano.a(lib_a-memset.o)
                              /usr/lib/gcc/arm-none-eabi/9.2.1/../../../arm-none-eabi/lib/thumb/v7e-m+fp/hard/crt0.o (memset)
/usr/lib/gcc/arm-none-eabi/9.2.1/../../../arm-none-eabi/lib/thumb/v7e-m+fp/hard/libc_nano.a(lib_a-strcmp.o)
                              ./Core/Src/main.o (strcmp)
/usr/lib/gcc/arm-none-eabi/9.2.1/../../../arm-none-eabi/lib/thumb/v7e-m+fp/hard/libc_nano.a(lib_a-__atexit.o)
                              /usr/lib/gcc/arm-none-eabi/9.2.1/../../../arm-none-eabi/lib/thumb/v7e-m+fp/hard/libc_nano.a(lib_a-atexit.o) (__register_exitproc)
/usr/lib/gcc/arm-none-eabi/9.2.1/../../../arm-none-eabi/lib/thumb/v7e-m+fp/hard/libc_nano.a(lib_a-__call_atexit.o)
                              /usr/lib/gcc/arm-none-eabi/9.2.1/../../../arm-none-eabi/lib/thumb/v7e-m+fp/hard/libc_nano.a(lib_a-__atexit.o) (__call_exitprocs)
/usr/lib/gcc/arm-none-eabi/9.2.1/thumb/v7e-m+fp/hard/libgcc.a(_aeabi_uldivmod.o)
                              ./Drivers/STM32F4xx_HAL_Driver/Src/stm32f4xx_hal_rcc.o (__aeabi_uldivmod)
/usr/lib/gcc/arm-none-eabi/9.2.1/thumb/v7e-m+fp/hard/libgcc.a(_udivmoddi4.o)
                              /usr/lib/gcc/arm-none-eabi/9.2.1/thumb/v7e-m+fp/hard/libgcc.a(_aeabi_uldivmod.o) (__udivmoddi4)
/usr/lib/gcc/arm-none-eabi/9.2.1/thumb/v7e-m+fp/hard/libgcc.a(_dvmd_tls.o)
                              /usr/lib/gcc/arm-none-eabi/9.2.1/thumb/v7e-m+fp/hard/libgcc.a(_aeabi_uldivmod.o) (__aeabi_ldiv0)

Allocating common symbols
Common symbol       size              file

uwTick              0x4               ./Drivers/STM32F4xx_HAL_Driver/Src/stm32f4xx_hal.o
pFlash              0x20              ./Drivers/STM32F4xx_HAL_Driver/Src/stm32f4xx_hal_flash.o
huart2              0x44              ./Core/Src/main.o

Discarded input sections

 .text          0x0000000000000000        0x0 /usr/lib/gcc/arm-none-eabi/9.2.1/thumb/v7e-m+fp/hard/crti.o
 .data          0x0000000000000000        0x0 /usr/lib/gcc/arm-none-eabi/9.2.1/thumb/v7e-m+fp/hard/crti.o
 .bss           0x0000000000000000        0x0 /usr/lib/gcc/arm-none-eabi/9.2.1/thumb/v7e-m+fp/hard/crti.o
 .data          0x0000000000000000        0x4 /usr/lib/gcc/arm-none-eabi/9.2.1/thumb/v7e-m+fp/hard/crtbegin.o
 .text          0x0000000000000000       0x70 /usr/lib/gcc/arm-none-eabi/9.2.1/../../../arm-none-eabi/lib/thumb/v7e-m+fp/hard/crt0.o
 .data          0x0000000000000000        0x0 /usr/lib/gcc/arm-none-eabi/9.2.1/../../../arm-none-eabi/lib/thumb/v7e-m+fp/hard/crt0.o
 .bss           0x0000000000000000        0x0 /usr/lib/gcc/arm-none-eabi/9.2.1/../../../arm-none-eabi/lib/thumb/v7e-m+fp/hard/crt0.o
 .ARM.extab     0x0000000000000000        0x0 /usr/lib/gcc/arm-none-eabi/9.2.1/../../../arm-none-eabi/lib/thumb/v7e-m+fp/hard/crt0.o
 .ARM.exidx     0x0000000000000000       0x10 /usr/lib/gcc/arm-none-eabi/9.2.1/../../../arm-none-eabi/lib/thumb/v7e-m+fp/hard/crt0.o
 .debug_line    0x0000000000000000       0x87 /usr/lib/gcc/arm-none-eabi/9.2.1/../../../arm-none-eabi/lib/thumb/v7e-m+fp/hard/crt0.o
 .debug_info    0x0000000000000000       0x26 /usr/lib/gcc/arm-none-eabi/9.2.1/../../../arm-none-eabi/lib/thumb/v7e-m+fp/hard/crt0.o
 .debug_abbrev  0x0000000000000000       0x14 /usr/lib/gcc/arm-none-eabi/9.2.1/../../../arm-none-eabi/lib/thumb/v7e-m+fp/hard/crt0.o
 .debug_aranges
                0x0000000000000000       0x20 /usr/lib/gcc/arm-none-eabi/9.2.1/../../../arm-none-eabi/lib/thumb/v7e-m+fp/hard/crt0.o
[...]
Memory Configuration

Name             Origin             Length             Attributes
RAM              0x0000000020000000 0x0000000000020000 xrw
FLASH            0x0000000008000000 0x0000000000080000 xr
*default*        0x0000000000000000 0xffffffffffffffff

Linker script and memory map

LOAD /usr/lib/gcc/arm-none-eabi/9.2.1/thumb/v7e-m+fp/hard/crti.o
LOAD /usr/lib/gcc/arm-none-eabi/9.2.1/thumb/v7e-m+fp/hard/crtbegin.o
LOAD /usr/lib/gcc/arm-none-eabi/9.2.1/../../../arm-none-eabi/lib/thumb/v7e-m+fp/hard/crt0.o
LOAD ./Core/Src/main.o
LOAD ./Core/Src/stm32f4xx_hal_msp.o
LOAD ./Core/Src/stm32f4xx_it.o
LOAD ./Core/Src/syscalls.o
LOAD ./Core/Src/sysmem.o
LOAD ./Core/Src/system_stm32f4xx.o
LOAD ./Core/Startup/startup_stm32f446retx.o
LOAD ./Drivers/STM32F4xx_HAL_Driver/Src/stm32f4xx_hal.o
LOAD ./Drivers/STM32F4xx_HAL_Driver/Src/stm32f4xx_hal_cortex.o
LOAD ./Drivers/STM32F4xx_HAL_Driver/Src/stm32f4xx_hal_dma.o
LOAD ./Drivers/STM32F4xx_HAL_Driver/Src/stm32f4xx_hal_dma_ex.o
LOAD ./Drivers/STM32F4xx_HAL_Driver/Src/stm32f4xx_hal_exti.o
LOAD ./Drivers/STM32F4xx_HAL_Driver/Src/stm32f4xx_hal_flash.o
LOAD ./Drivers/STM32F4xx_HAL_Driver/Src/stm32f4xx_hal_flash_ex.o
LOAD ./Drivers/STM32F4xx_HAL_Driver/Src/stm32f4xx_hal_flash_ramfunc.o
LOAD ./Drivers/STM32F4xx_HAL_Driver/Src/stm32f4xx_hal_gpio.o
LOAD ./Drivers/STM32F4xx_HAL_Driver/Src/stm32f4xx_hal_pwr.o
LOAD ./Drivers/STM32F4xx_HAL_Driver/Src/stm32f4xx_hal_pwr_ex.o
LOAD ./Drivers/STM32F4xx_HAL_Driver/Src/stm32f4xx_hal_rcc.o
LOAD ./Drivers/STM32F4xx_HAL_Driver/Src/stm32f4xx_hal_rcc_ex.o
LOAD ./Drivers/STM32F4xx_HAL_Driver/Src/stm32f4xx_hal_tim.o
LOAD ./Drivers/STM32F4xx_HAL_Driver/Src/stm32f4xx_hal_tim_ex.o
LOAD ./Drivers/STM32F4xx_HAL_Driver/Src/stm32f4xx_hal_uart.o
START GROUP
LOAD /usr/lib/gcc/arm-none-eabi/9.2.1/../../../arm-none-eabi/lib/thumb/v7e-m+fp/hard/libc_nano.a
LOAD /usr/lib/gcc/arm-none-eabi/9.2.1/../../../arm-none-eabi/lib/thumb/v7e-m+fp/hard/libm.a
END GROUP
START GROUP
LOAD /usr/lib/gcc/arm-none-eabi/9.2.1/thumb/v7e-m+fp/hard/libgcc.a
LOAD /usr/lib/gcc/arm-none-eabi/9.2.1/../../../arm-none-eabi/lib/thumb/v7e-m+fp/hard/libc_nano.a
END GROUP
START GROUP
LOAD /usr/lib/gcc/arm-none-eabi/9.2.1/thumb/v7e-m+fp/hard/libgcc.a
LOAD /usr/lib/gcc/arm-none-eabi/9.2.1/../../../arm-none-eabi/lib/thumb/v7e-m+fp/hard/libc_nano.a
LOAD /usr/lib/gcc/arm-none-eabi/9.2.1/../../../arm-none-eabi/lib/thumb/v7e-m+fp/hard/libnosys.a
END GROUP
START GROUP
LOAD /usr/lib/gcc/arm-none-eabi/9.2.1/thumb/v7e-m+fp/hard/libgcc.a
LOAD /usr/lib/gcc/arm-none-eabi/9.2.1/../../../arm-none-eabi/lib/thumb/v7e-m+fp/hard/libc_nano.a
LOAD /usr/lib/gcc/arm-none-eabi/9.2.1/../../../arm-none-eabi/lib/thumb/v7e-m+fp/hard/libnosys.a
END GROUP
LOAD /usr/lib/gcc/arm-none-eabi/9.2.1/thumb/v7e-m+fp/hard/crtend.o
LOAD /usr/lib/gcc/arm-none-eabi/9.2.1/thumb/v7e-m+fp/hard/crtn.o
                0x0000000020020000                _estack = (ORIGIN (RAM) + LENGTH (RAM))
                0x0000000000000200                _Min_Heap_Size = 0x200
                0x0000000000000400                _Min_Stack_Size = 0x400

.isr_vector     0x0000000008000000      0x1c4
                0x0000000008000000                . = ALIGN (0x4)
 *(.isr_vector)
 .isr_vector    0x0000000008000000      0x1c4 ./Core/Startup/startup_stm32f446retx.o
                0x0000000008000000                g_pfnVectors
                0x00000000080001c4                . = ALIGN (0x4)

.text           0x00000000080001e0     0x2ecc
                0x00000000080001e0                . = ALIGN (0x4)
 *(.text)
 .text          0x00000000080001e0       0x88 /usr/lib/gcc/arm-none-eabi/9.2.1/thumb/v7e-m+fp/hard/crtbegin.o
 .text          0x0000000008000268       0x48 /usr/lib/gcc/arm-none-eabi/9.2.1/../../../arm-none-eabi/lib/thumb/v7e-m+fp/hard/libc_nano.a(lib_a-init.o)
                0x0000000008000268                __libc_init_array
 .text          0x00000000080002b0       0xa0 /usr/lib/gcc/arm-none-eabi/9.2.1/../../../arm-none-eabi/lib/thumb/v7e-m+fp/hard/libc_nano.a(lib_a-memset.o)
                0x00000000080002b0                memset
 *fill*         0x0000000008000350       0x10 
 .text          0x0000000008000360      0x2dc /usr/lib/gcc/arm-none-eabi/9.2.1/../../../arm-none-eabi/lib/thumb/v7e-m+fp/hard/libc_nano.a(lib_a-strcmp.o)
                0x0000000008000368                strcmp
 .text          0x000000000800063c       0x30 /usr/lib/gcc/arm-none-eabi/9.2.1/thumb/v7e-m+fp/hard/libgcc.a(_aeabi_uldivmod.o)
                0x000000000800063c                __aeabi_uldivmod
 .text          0x000000000800066c      0x2c4 /usr/lib/gcc/arm-none-eabi/9.2.1/thumb/v7e-m+fp/hard/libgcc.a(_udivmoddi4.o)
                0x000000000800066c                __udivmoddi4
 .text          0x0000000008000930        0x4 /usr/lib/gcc/arm-none-eabi/9.2.1/thumb/v7e-m+fp/hard/libgcc.a(_dvmd_tls.o)
                0x0000000008000930                __aeabi_ldiv0
                0x0000000008000930                __aeabi_idiv0
 *(.text*)
 .text.main     0x0000000008000934       0xc0 ./Core/Src/main.o
                0x0000000008000934                main
 .text.SystemClock_Config
                0x00000000080009f4       0xdc ./Core/Src/main.o
                0x00000000080009f4                SystemClock_Config
 .text.MX_USART2_UART_Init
                0x0000000008000ad0       0x54 ./Core/Src/main.o
 .text.MX_GPIO_Init
                0x0000000008000b24       0xdc ./Core/Src/main.o
 .text.Error_Handler
                0x0000000008000c00        0xa ./Core/Src/main.o
                0x0000000008000c00                Error_Handler
 *fill*         0x0000000008000c0a        0x2 
 .text.HAL_MspInit
                0x0000000008000c0c       0x50 ./Core/Src/stm32f4xx_hal_msp.o
                0x0000000008000c0c                HAL_MspInit
 .text.HAL_UART_MspInit
                0x0000000008000c5c       0xa0 ./Core/Src/stm32f4xx_hal_msp.o
                0x0000000008000c5c                HAL_UART_MspInit
 .text.NMI_Handler
                0x0000000008000cfc        0x6 ./Core/Src/stm32f4xx_it.o
                0x0000000008000cfc                NMI_Handler
 .text.HardFault_Handler
                0x0000000008000d02        0x6 ./Core/Src/stm32f4xx_it.o
                0x0000000008000d02                HardFault_Handler
 .text.MemManage_Handler
                0x0000000008000d08        0x6 ./Core/Src/stm32f4xx_it.o
                0x0000000008000d08                MemManage_Handler
 .text.BusFault_Handler
                0x0000000008000d0e        0x6 ./Core/Src/stm32f4xx_it.o
                0x0000000008000d0e                BusFault_Handler
 .text.UsageFault_Handler
                0x0000000008000d14        0x6 ./Core/Src/stm32f4xx_it.o
                0x0000000008000d14                UsageFault_Handler
 .text.SVC_Handler
                0x0000000008000d1a        0xe ./Core/Src/stm32f4xx_it.o
                0x0000000008000d1a                SVC_Handler
 .text.DebugMon_Handler
                0x0000000008000d28        0xe ./Core/Src/stm32f4xx_it.o
                0x0000000008000d28                DebugMon_Handler
 .text.PendSV_Handler
                0x0000000008000d36        0xe ./Core/Src/stm32f4xx_it.o
                0x0000000008000d36                PendSV_Handler
 .text.SysTick_Handler
                0x0000000008000d44        0xc ./Core/Src/stm32f4xx_it.o
                0x0000000008000d44                SysTick_Handler
 .text.USART2_IRQHandler
                0x0000000008000d50       0x14 ./Core/Src/stm32f4xx_it.o
                0x0000000008000d50                USART2_IRQHandler
 .text.SystemInit
                0x0000000008000d64       0x24 ./Core/Src/system_stm32f4xx.o
                0x0000000008000d64                SystemInit
 .text.Reset_Handler
                0x0000000008000d88       0x50 ./Core/Startup/startup_stm32f446retx.o
                0x0000000008000d88                Reset_Handler
 .text.Default_Handler
                0x0000000008000dd8        0x2 ./Core/Startup/startup_stm32f446retx.o
                0x0000000008000dd8                RTC_Alarm_IRQHandler
                0x0000000008000dd8                EXTI2_IRQHandler
                0x0000000008000dd8                TIM8_CC_IRQHandler
                0x0000000008000dd8                FMPI2C1_EV_IRQHandler
                0x0000000008000dd8                SPI4_IRQHandler
                0x0000000008000dd8                TIM1_CC_IRQHandler
                0x0000000008000dd8                DMA2_Stream5_IRQHandler
                0x0000000008000dd8                DMA1_Stream5_IRQHandler
                0x0000000008000dd8                PVD_IRQHandler
                0x0000000008000dd8                SDIO_IRQHandler
                0x0000000008000dd8                TAMP_STAMP_IRQHandler
                0x0000000008000dd8                CAN2_RX1_IRQHandler
                0x0000000008000dd8                EXTI3_IRQHandler
                0x0000000008000dd8                TIM8_TRG_COM_TIM14_IRQHandler
                0x0000000008000dd8                TIM1_UP_TIM10_IRQHandler
                0x0000000008000dd8                TIM8_UP_TIM13_IRQHandler
                0x0000000008000dd8                I2C3_ER_IRQHandler
                0x0000000008000dd8                EXTI0_IRQHandler
                0x0000000008000dd8                I2C2_EV_IRQHandler
                0x0000000008000dd8                DMA1_Stream2_IRQHandler
                0x0000000008000dd8                CAN1_RX0_IRQHandler
                0x0000000008000dd8                FPU_IRQHandler
                0x0000000008000dd8                OTG_HS_WKUP_IRQHandler
                0x0000000008000dd8                CAN2_SCE_IRQHandler
                0x0000000008000dd8                DMA2_Stream2_IRQHandler
                0x0000000008000dd8                SPI1_IRQHandler
                0x0000000008000dd8                TIM6_DAC_IRQHandler
                0x0000000008000dd8                TIM1_BRK_TIM9_IRQHandler
                0x0000000008000dd8                DCMI_IRQHandler
                0x0000000008000dd8                CAN2_RX0_IRQHandler
                0x0000000008000dd8                DMA2_Stream3_IRQHandler
                0x0000000008000dd8                SAI2_IRQHandler
                0x0000000008000dd8                USART6_IRQHandler
                0x0000000008000dd8                USART3_IRQHandler
                0x0000000008000dd8                CAN1_RX1_IRQHandler
                0x0000000008000dd8                UART5_IRQHandler
                0x0000000008000dd8                DMA2_Stream0_IRQHandler
                0x0000000008000dd8                TIM4_IRQHandler
                0x0000000008000dd8                QUADSPI_IRQHandler
                0x0000000008000dd8                I2C1_EV_IRQHandler
                0x0000000008000dd8                DMA1_Stream6_IRQHandler
                0x0000000008000dd8                DMA1_Stream1_IRQHandler
                0x0000000008000dd8                UART4_IRQHandler
                0x0000000008000dd8                TIM3_IRQHandler
                0x0000000008000dd8                RCC_IRQHandler
                0x0000000008000dd8                TIM8_BRK_TIM12_IRQHandler
                0x0000000008000dd8                Default_Handler
                0x0000000008000dd8                CEC_IRQHandler
                0x0000000008000dd8                EXTI15_10_IRQHandler
                0x0000000008000dd8                ADC_IRQHandler
                0x0000000008000dd8                DMA1_Stream7_IRQHandler
                0x0000000008000dd8                TIM7_IRQHandler
                0x0000000008000dd8                CAN2_TX_IRQHandler
                0x0000000008000dd8                TIM5_IRQHandler
                0x0000000008000dd8                DMA2_Stream7_IRQHandler
                0x0000000008000dd8                I2C3_EV_IRQHandler
                0x0000000008000dd8                EXTI9_5_IRQHandler
                0x0000000008000dd8                RTC_WKUP_IRQHandler
                0x0000000008000dd8                SPDIF_RX_IRQHandler
                0x0000000008000dd8                SPI2_IRQHandler
                0x0000000008000dd8                OTG_HS_EP1_IN_IRQHandler
                0x0000000008000dd8                DMA1_Stream0_IRQHandler
                0x0000000008000dd8                CAN1_TX_IRQHandler
                0x0000000008000dd8                FMPI2C1_ER_IRQHandler
                0x0000000008000dd8                EXTI4_IRQHandler
                0x0000000008000dd8                OTG_HS_EP1_OUT_IRQHandler
                0x0000000008000dd8                WWDG_IRQHandler
                0x0000000008000dd8                TIM2_IRQHandler
                0x0000000008000dd8                OTG_FS_WKUP_IRQHandler
                0x0000000008000dd8                TIM1_TRG_COM_TIM11_IRQHandler
                0x0000000008000dd8                OTG_HS_IRQHandler
                0x0000000008000dd8                EXTI1_IRQHandler
                0x0000000008000dd8                I2C2_ER_IRQHandler
                0x0000000008000dd8                DMA2_Stream1_IRQHandler
                0x0000000008000dd8                CAN1_SCE_IRQHandler
                0x0000000008000dd8                FLASH_IRQHandler
                0x0000000008000dd8                DMA2_Stream4_IRQHandler
                0x0000000008000dd8                USART1_IRQHandler
                0x0000000008000dd8                OTG_FS_IRQHandler
                0x0000000008000dd8                SPI3_IRQHandler
                0x0000000008000dd8                DMA1_Stream4_IRQHandler
                0x0000000008000dd8                I2C1_ER_IRQHandler
                0x0000000008000dd8                FMC_IRQHandler
                0x0000000008000dd8                DMA2_Stream6_IRQHandler
                0x0000000008000dd8                SAI1_IRQHandler
                0x0000000008000dd8                DMA1_Stream3_IRQHandler
 *fill*         0x0000000008000dda        0x2 
 .text.HAL_Init
                0x0000000008000ddc       0x44 ./Drivers/STM32F4xx_HAL_Driver/Src/stm32f4xx_hal.o
                0x0000000008000ddc                HAL_Init
 .text.HAL_InitTick
                0x0000000008000e20       0x60 ./Drivers/STM32F4xx_HAL_Driver/Src/stm32f4xx_hal.o
                0x0000000008000e20                HAL_InitTick
 .text.HAL_IncTick
                0x0000000008000e80       0x28 ./Drivers/STM32F4xx_HAL_Driver/Src/stm32f4xx_hal.o
                0x0000000008000e80                HAL_IncTick
 .text.HAL_GetTick
                0x0000000008000ea8       0x18 ./Drivers/STM32F4xx_HAL_Driver/Src/stm32f4xx_hal.o
                0x0000000008000ea8                HAL_GetTick
 .text.HAL_Delay
                0x0000000008000ec0       0x48 ./Drivers/STM32F4xx_HAL_Driver/Src/stm32f4xx_hal.o
                0x0000000008000ec0                HAL_Delay
 .text.__NVIC_SetPriorityGrouping
                0x0000000008000f08       0x48 ./Drivers/STM32F4xx_HAL_Driver/Src/stm32f4xx_hal_cortex.o
 .text.__NVIC_GetPriorityGrouping
                0x0000000008000f50       0x1c ./Drivers/STM32F4xx_HAL_Driver/Src/stm32f4xx_hal_cortex.o
 .text.__NVIC_EnableIRQ
                0x0000000008000f6c       0x3c ./Drivers/STM32F4xx_HAL_Driver/Src/stm32f4xx_hal_cortex.o
 .text.__NVIC_SetPriority
                0x0000000008000fa8       0x54 ./Drivers/STM32F4xx_HAL_Driver/Src/stm32f4xx_hal_cortex.o
 .text.NVIC_EncodePriority
                0x0000000008000ffc       0x66 ./Drivers/STM32F4xx_HAL_Driver/Src/stm32f4xx_hal_cortex.o
 *fill*         0x0000000008001062        0x2 
 .text.SysTick_Config
                0x0000000008001064       0x44 ./Drivers/STM32F4xx_HAL_Driver/Src/stm32f4xx_hal_cortex.o
 .text.HAL_NVIC_SetPriorityGrouping
                0x00000000080010a8       0x16 ./Drivers/STM32F4xx_HAL_Driver/Src/stm32f4xx_hal_cortex.o
                0x00000000080010a8                HAL_NVIC_SetPriorityGrouping
 .text.HAL_NVIC_SetPriority
                0x00000000080010be       0x38 ./Drivers/STM32F4xx_HAL_Driver/Src/stm32f4xx_hal_cortex.o
                0x00000000080010be                HAL_NVIC_SetPriority
 .text.HAL_NVIC_EnableIRQ
                0x00000000080010f6       0x1c ./Drivers/STM32F4xx_HAL_Driver/Src/stm32f4xx_hal_cortex.o
                0x00000000080010f6                HAL_NVIC_EnableIRQ
 .text.HAL_SYSTICK_Config
                0x0000000008001112       0x18 ./Drivers/STM32F4xx_HAL_Driver/Src/stm32f4xx_hal_cortex.o
                0x0000000008001112                HAL_SYSTICK_Config
 .text.HAL_DMA_Abort
                0x000000000800112a       0xe0 ./Drivers/STM32F4xx_HAL_Driver/Src/stm32f4xx_hal_dma.o
                0x000000000800112a                HAL_DMA_Abort
 .text.HAL_DMA_Abort_IT
                0x000000000800120a       0x44 ./Drivers/STM32F4xx_HAL_Driver/Src/stm32f4xx_hal_dma.o
                0x000000000800120a                HAL_DMA_Abort_IT
 *fill*         0x000000000800124e        0x2 
 .text.HAL_GPIO_Init
                0x0000000008001250      0x328 ./Drivers/STM32F4xx_HAL_Driver/Src/stm32f4xx_hal_gpio.o
                0x0000000008001250                HAL_GPIO_Init
 .text.HAL_GPIO_WritePin
                0x0000000008001578       0x32 ./Drivers/STM32F4xx_HAL_Driver/Src/stm32f4xx_hal_gpio.o
                0x0000000008001578                HAL_GPIO_WritePin
 *fill*         0x00000000080015aa        0x2 
 .text.HAL_RCC_ClockConfig
                0x00000000080015ac      0x1cc ./Drivers/STM32F4xx_HAL_Driver/Src/stm32f4xx_hal_rcc.o
                0x00000000080015ac                HAL_RCC_ClockConfig
 .text.HAL_RCC_GetHCLKFreq
                0x0000000008001778       0x18 ./Drivers/STM32F4xx_HAL_Driver/Src/stm32f4xx_hal_rcc.o
                0x0000000008001778                HAL_RCC_GetHCLKFreq
 .text.HAL_RCC_GetPCLK1Freq
                0x0000000008001790       0x28 ./Drivers/STM32F4xx_HAL_Driver/Src/stm32f4xx_hal_rcc.o
                0x0000000008001790                HAL_RCC_GetPCLK1Freq
 .text.HAL_RCC_GetPCLK2Freq
                0x00000000080017b8       0x28 ./Drivers/STM32F4xx_HAL_Driver/Src/stm32f4xx_hal_rcc.o
                0x00000000080017b8                HAL_RCC_GetPCLK2Freq
 .text.HAL_RCC_GetSysClockFreq
                0x00000000080017e0      0x364 ./Drivers/STM32F4xx_HAL_Driver/Src/stm32f4xx_hal_rcc_ex.o
                0x00000000080017e0                HAL_RCC_GetSysClockFreq
 .text.HAL_RCC_OscConfig
                0x0000000008001b44      0x53c ./Drivers/STM32F4xx_HAL_Driver/Src/stm32f4xx_hal_rcc_ex.o
                0x0000000008001b44                HAL_RCC_OscConfig
 .text.HAL_UART_Init
                0x0000000008002080       0x9a ./Drivers/STM32F4xx_HAL_Driver/Src/stm32f4xx_hal_uart.o
                0x0000000008002080                HAL_UART_Init
 .text.HAL_UART_Transmit
                0x000000000800211a      0x124 ./Drivers/STM32F4xx_HAL_Driver/Src/stm32f4xx_hal_uart.o
                0x000000000800211a                HAL_UART_Transmit
 .text.HAL_UART_Receive
                0x000000000800223e      0x144 ./Drivers/STM32F4xx_HAL_Driver/Src/stm32f4xx_hal_uart.o
                0x000000000800223e                HAL_UART_Receive
 *fill*         0x0000000008002382        0x2 
 .text.HAL_UART_IRQHandler
                0x0000000008002384      0x51c ./Drivers/STM32F4xx_HAL_Driver/Src/stm32f4xx_hal_uart.o
                0x0000000008002384                HAL_UART_IRQHandler
 .text.HAL_UART_TxCpltCallback
                0x00000000080028a0       0x14 ./Drivers/STM32F4xx_HAL_Driver/Src/stm32f4xx_hal_uart.o
                0x00000000080028a0                HAL_UART_TxCpltCallback
 .text.HAL_UART_RxCpltCallback
                0x00000000080028b4       0x14 ./Drivers/STM32F4xx_HAL_Driver/Src/stm32f4xx_hal_uart.o
                0x00000000080028b4                HAL_UART_RxCpltCallback
 .text.HAL_UART_ErrorCallback
                0x00000000080028c8       0x14 ./Drivers/STM32F4xx_HAL_Driver/Src/stm32f4xx_hal_uart.o
                0x00000000080028c8                HAL_UART_ErrorCallback
 .text.HAL_UARTEx_RxEventCallback
                0x00000000080028dc       0x18 ./Drivers/STM32F4xx_HAL_Driver/Src/stm32f4xx_hal_uart.o
                0x00000000080028dc                HAL_UARTEx_RxEventCallback
 .text.UART_WaitOnFlagUntilTimeout
                0x00000000080028f4       0xdc ./Drivers/STM32F4xx_HAL_Driver/Src/stm32f4xx_hal_uart.o
 .text.UART_EndRxTransfer
                0x00000000080029d0       0xc6 ./Drivers/STM32F4xx_HAL_Driver/Src/stm32f4xx_hal_uart.o
 .text.UART_DMAAbortOnError
                0x0000000008002a96       0x28 ./Drivers/STM32F4xx_HAL_Driver/Src/stm32f4xx_hal_uart.o
 .text.UART_Transmit_IT
                0x0000000008002abe       0xa0 ./Drivers/STM32F4xx_HAL_Driver/Src/stm32f4xx_hal_uart.o
 .text.UART_EndTransmit_IT
                0x0000000008002b5e       0x30 ./Drivers/STM32F4xx_HAL_Driver/Src/stm32f4xx_hal_uart.o
 .text.UART_Receive_IT
                0x0000000008002b8e      0x176 ./Drivers/STM32F4xx_HAL_Driver/Src/stm32f4xx_hal_uart.o
 .text.UART_SetConfig
                0x0000000008002d04      0x390 ./Drivers/STM32F4xx_HAL_Driver/Src/stm32f4xx_hal_uart.o
 *(.glue_7)
 .glue_7        0x0000000008003094        0x0 linker stubs
 *(.glue_7t)
 .glue_7t       0x0000000008003094        0x0 linker stubs
 *(.eh_frame)
 .eh_frame      0x0000000008003094        0x0 /usr/lib/gcc/arm-none-eabi/9.2.1/thumb/v7e-m+fp/hard/crtbegin.o
 *(.init)
 .init          0x0000000008003094        0x4 /usr/lib/gcc/arm-none-eabi/9.2.1/thumb/v7e-m+fp/hard/crti.o
                0x0000000008003094                _init
 .init          0x0000000008003098        0x8 /usr/lib/gcc/arm-none-eabi/9.2.1/thumb/v7e-m+fp/hard/crtn.o
 *(.fini)
 .fini          0x00000000080030a0        0x4 /usr/lib/gcc/arm-none-eabi/9.2.1/thumb/v7e-m+fp/hard/crti.o
                0x00000000080030a0                _fini
 .fini          0x00000000080030a4        0x8 /usr/lib/gcc/arm-none-eabi/9.2.1/thumb/v7e-m+fp/hard/crtn.o
                0x00000000080030ac                . = ALIGN (0x4)
                0x00000000080030ac                _etext = .

.vfp11_veneer   0x00000000080030ac        0x0
 .vfp11_veneer  0x00000000080030ac        0x0 linker stubs

.v4_bx          0x00000000080030ac        0x0
 .v4_bx         0x00000000080030ac        0x0 linker stubs

.iplt           0x00000000080030ac        0x0
 .iplt          0x00000000080030ac        0x0 /usr/lib/gcc/arm-none-eabi/9.2.1/thumb/v7e-m+fp/hard/crtbegin.o

.rodata         0x00000000080030ac       0x18
                0x00000000080030ac                . = ALIGN (0x4)
 *(.rodata)
 *(.rodata*)
 .rodata.AHBPrescTable
                0x00000000080030ac       0x10 ./Core/Src/system_stm32f4xx.o
                0x00000000080030ac                AHBPrescTable
 .rodata.APBPrescTable
                0x00000000080030bc        0x8 ./Core/Src/system_stm32f4xx.o
                0x00000000080030bc                APBPrescTable
                0x00000000080030c4                . = ALIGN (0x4)

.ARM.extab      0x00000000080030c4        0x0
                0x00000000080030c4                . = ALIGN (0x4)
 *(.ARM.extab* .gnu.linkonce.armextab.*)
                0x00000000080030c4                . = ALIGN (0x4)

.ARM            0x00000000080030c4        0x8
                0x00000000080030c4                . = ALIGN (0x4)
                0x00000000080030c4                __exidx_start = .
 *(.ARM.exidx*)
 .ARM.exidx     0x00000000080030c4        0x8 /usr/lib/gcc/arm-none-eabi/9.2.1/thumb/v7e-m+fp/hard/libgcc.a(_udivmoddi4.o)
                0x00000000080030cc                __exidx_end = .
                0x00000000080030cc                . = ALIGN (0x4)

.rel.dyn        0x00000000080030cc        0x0
 .rel.iplt      0x00000000080030cc        0x0 /usr/lib/gcc/arm-none-eabi/9.2.1/thumb/v7e-m+fp/hard/crtbegin.o

.preinit_array  0x00000000080030cc        0x0
                0x00000000080030cc                . = ALIGN (0x4)
                0x00000000080030cc                PROVIDE (__preinit_array_start = .)
 *(.preinit_array*)
                0x00000000080030cc                PROVIDE (__preinit_array_end = .)
                0x00000000080030cc                . = ALIGN (0x4)

.init_array     0x00000000080030cc        0x4
                0x00000000080030cc                . = ALIGN (0x4)
                0x00000000080030cc                PROVIDE (__init_array_start = .)
 *(SORT_BY_NAME(.init_array.*))
 *(.init_array*)
 .init_array    0x00000000080030cc        0x4 /usr/lib/gcc/arm-none-eabi/9.2.1/thumb/v7e-m+fp/hard/crtbegin.o
                0x00000000080030d0                PROVIDE (__init_array_end = .)
                0x00000000080030d0                . = ALIGN (0x4)

.fini_array     0x00000000080030d0        0x4
                0x00000000080030d0                . = ALIGN (0x4)
                0x00000000080030d0                PROVIDE (__fini_array_start = .)
 *(SORT_BY_NAME(.fini_array.*))
 *(.fini_array*)
 .fini_array    0x00000000080030d0        0x4 /usr/lib/gcc/arm-none-eabi/9.2.1/thumb/v7e-m+fp/hard/crtbegin.o
                0x00000000080030d4                PROVIDE (__fini_array_end = .)
                0x00000000080030d4                . = ALIGN (0x4)
                0x00000000080030d4                _sidata = LOADADDR (.data)

.data           0x0000000020000000       0x4c load address 0x00000000080030d4
                0x0000000020000000                . = ALIGN (0x4)
                0x0000000020000000                _sdata = .
 *(.data)
 *(.data*)
 .data.hello    0x0000000020000000        0xb ./Core/Src/main.o
                0x0000000020000000                hello
 *fill*         0x000000002000000b        0x1 
 .data.error    0x000000002000000c       0x15 ./Core/Src/main.o
                0x000000002000000c                error
 *fill*         0x0000000020000021        0x3 
 .data.in_message
                0x0000000020000024        0x5 ./Core/Src/main.o
                0x0000000020000024                in_message
 *fill*         0x0000000020000029        0x3 
 .data.enter    0x000000002000002c        0x2 ./Core/Src/main.o
                0x000000002000002c                enter
 *fill*         0x000000002000002e        0x2 
 .data.led_off  0x0000000020000030        0x6 ./Core/Src/main.o
                0x0000000020000030                led_off
 *fill*         0x0000000020000036        0x2 
 .data.led_on   0x0000000020000038        0x6 ./Core/Src/main.o
                0x0000000020000038                led_on
 *fill*         0x000000002000003e        0x2 
 .data.SystemCoreClock
                0x0000000020000040        0x4 ./Core/Src/system_stm32f4xx.o
                0x0000000020000040                SystemCoreClock
 .data.uwTickPrio
                0x0000000020000044        0x4 ./Drivers/STM32F4xx_HAL_Driver/Src/stm32f4xx_hal.o
                0x0000000020000044                uwTickPrio
 .data.uwTickFreq
                0x0000000020000048        0x1 ./Drivers/STM32F4xx_HAL_Driver/Src/stm32f4xx_hal.o
                0x0000000020000048                uwTickFreq
 *(.RamFunc)
 *(.RamFunc*)
                0x000000002000004c                . = ALIGN (0x4)
 *fill*         0x0000000020000049        0x3 
                0x000000002000004c                _edata = .

.tm_clone_table
                0x000000002000004c        0x0 load address 0x0000000008003120
 .tm_clone_table
                0x000000002000004c        0x0 /usr/lib/gcc/arm-none-eabi/9.2.1/thumb/v7e-m+fp/hard/crtbegin.o
 .tm_clone_table
                0x000000002000004c        0x0 /usr/lib/gcc/arm-none-eabi/9.2.1/thumb/v7e-m+fp/hard/crtend.o

.igot.plt       0x000000002000004c        0x0 load address 0x0000000008003120
 .igot.plt      0x000000002000004c        0x0 /usr/lib/gcc/arm-none-eabi/9.2.1/thumb/v7e-m+fp/hard/crtbegin.o
                0x000000002000004c                . = ALIGN (0x4)

.bss            0x000000002000004c       0x64 load address 0x0000000008003120
                0x000000002000004c                _sbss = .
                0x000000002000004c                __bss_start__ = _sbss
 *(.bss)
 .bss           0x000000002000004c       0x1c /usr/lib/gcc/arm-none-eabi/9.2.1/thumb/v7e-m+fp/hard/crtbegin.o
 *(.bss*)
 *(COMMON)
 COMMON         0x0000000020000068       0x44 ./Core/Src/main.o
                0x0000000020000068                huart2
 COMMON         0x00000000200000ac        0x4 ./Drivers/STM32F4xx_HAL_Driver/Src/stm32f4xx_hal.o
                0x00000000200000ac                uwTick
                0x00000000200000b0                . = ALIGN (0x4)
                0x00000000200000b0                _ebss = .
                0x00000000200000b0                __bss_end__ = _ebss

._user_heap_stack
                0x00000000200000b0      0x600 load address 0x0000000008003120
                0x00000000200000b0                . = ALIGN (0x8)
                [!provide]                        PROVIDE (end = .)
                0x00000000200000b0                PROVIDE (_end = .)
                0x00000000200002b0                . = (. + _Min_Heap_Size)
 *fill*         0x00000000200000b0      0x200 
                0x00000000200006b0                . = (. + _Min_Stack_Size)
 *fill*         0x00000000200002b0      0x400 
                0x00000000200006b0                . = ALIGN (0x8)

/DISCARD/
 libc.a(*)
 libm.a(*)
 libgcc.a(*)

.ARM.attributes
                0x0000000000000000       0x30
 *(.ARM.attributes)
 .ARM.attributes
                0x0000000000000000       0x1e /usr/lib/gcc/arm-none-eabi/9.2.1/thumb/v7e-m+fp/hard/crti.o
 .ARM.attributes
                0x000000000000001e       0x34 /usr/lib/gcc/arm-none-eabi/9.2.1/thumb/v7e-m+fp/hard/crtbegin.o
 .ARM.attributes
                0x0000000000000052       0x34 ./Core/Src/main.o
 .ARM.attributes
                0x0000000000000086       0x34 ./Core/Src/stm32f4xx_hal_msp.o
 .ARM.attributes
                0x00000000000000ba       0x34 ./Core/Src/stm32f4xx_it.o
 .ARM.attributes
                0x00000000000000ee       0x34 ./Core/Src/system_stm32f4xx.o
 .ARM.attributes
                0x0000000000000122       0x21 ./Core/Startup/startup_stm32f446retx.o
 .ARM.attributes
                0x0000000000000143       0x34 ./Drivers/STM32F4xx_HAL_Driver/Src/stm32f4xx_hal.o
 .ARM.attributes
                0x0000000000000177       0x34 ./Drivers/STM32F4xx_HAL_Driver/Src/stm32f4xx_hal_cortex.o
 .ARM.attributes
                0x00000000000001ab       0x34 ./Drivers/STM32F4xx_HAL_Driver/Src/stm32f4xx_hal_dma.o
 .ARM.attributes
                0x00000000000001df       0x34 ./Drivers/STM32F4xx_HAL_Driver/Src/stm32f4xx_hal_gpio.o
 .ARM.attributes
                0x0000000000000213       0x34 ./Drivers/STM32F4xx_HAL_Driver/Src/stm32f4xx_hal_rcc.o
 .ARM.attributes
                0x0000000000000247       0x34 ./Drivers/STM32F4xx_HAL_Driver/Src/stm32f4xx_hal_rcc_ex.o
 .ARM.attributes
                0x000000000000027b       0x34 ./Drivers/STM32F4xx_HAL_Driver/Src/stm32f4xx_hal_uart.o
 .ARM.attributes
                0x00000000000002af       0x34 /usr/lib/gcc/arm-none-eabi/9.2.1/../../../arm-none-eabi/lib/thumb/v7e-m+fp/hard/libc_nano.a(lib_a-init.o)
 .ARM.attributes
                0x00000000000002e3       0x34 /usr/lib/gcc/arm-none-eabi/9.2.1/../../../arm-none-eabi/lib/thumb/v7e-m+fp/hard/libc_nano.a(lib_a-memset.o)
 .ARM.attributes
                0x0000000000000317       0x1c /usr/lib/gcc/arm-none-eabi/9.2.1/../../../arm-none-eabi/lib/thumb/v7e-m+fp/hard/libc_nano.a(lib_a-strcmp.o)
 .ARM.attributes
                0x0000000000000333       0x1e /usr/lib/gcc/arm-none-eabi/9.2.1/thumb/v7e-m+fp/hard/libgcc.a(_aeabi_uldivmod.o)
 .ARM.attributes
                0x0000000000000351       0x34 /usr/lib/gcc/arm-none-eabi/9.2.1/thumb/v7e-m+fp/hard/libgcc.a(_udivmoddi4.o)
 .ARM.attributes
                0x0000000000000385       0x1e /usr/lib/gcc/arm-none-eabi/9.2.1/thumb/v7e-m+fp/hard/libgcc.a(_dvmd_tls.o)
 .ARM.attributes
                0x00000000000003a3       0x32 /usr/lib/gcc/arm-none-eabi/9.2.1/thumb/v7e-m+fp/hard/crtend.o
 .ARM.attributes
                0x00000000000003d5       0x1e /usr/lib/gcc/arm-none-eabi/9.2.1/thumb/v7e-m+fp/hard/crtn.o
OUTPUT(IDE_USART.elf elf32-littlearm)
LOAD linker stubs
LOAD /usr/lib/gcc/arm-none-eabi/9.2.1/../../../arm-none-eabi/lib/thumb/v7e-m+fp/hard/libc.a
LOAD /usr/lib/gcc/arm-none-eabi/9.2.1/../../../arm-none-eabi/lib/thumb/v7e-m+fp/hard/libm.a
LOAD /usr/lib/gcc/arm-none-eabi/9.2.1/thumb/v7e-m+fp/hard/libgcc.a

.comment        0x0000000000000000       0xa7
 .comment       0x0000000000000000       0x59 /usr/lib/gcc/arm-none-eabi/9.2.1/thumb/v7e-m+fp/hard/crtbegin.o
                                         0x5a (size before relaxing)
 .comment       0x0000000000000059       0x5a ./Core/Src/main.o
 .comment       0x0000000000000059       0x5a ./Core/Src/stm32f4xx_hal_msp.o
 .comment       0x0000000000000059       0x5a ./Core/Src/stm32f4xx_it.o
 .comment       0x0000000000000059       0x5a ./Core/Src/system_stm32f4xx.o
 .comment       0x0000000000000059       0x5a ./Drivers/STM32F4xx_HAL_Driver/Src/stm32f4xx_hal.o
 .comment       0x0000000000000059       0x5a ./Drivers/STM32F4xx_HAL_Driver/Src/stm32f4xx_hal_cortex.o
 .comment       0x0000000000000059       0x5a ./Drivers/STM32F4xx_HAL_Driver/Src/stm32f4xx_hal_dma.o
 .comment       0x0000000000000059       0x5a ./Drivers/STM32F4xx_HAL_Driver/Src/stm32f4xx_hal_gpio.o
 .comment       0x0000000000000059       0x5a ./Drivers/STM32F4xx_HAL_Driver/Src/stm32f4xx_hal_rcc.o
 .comment       0x0000000000000059       0x5a ./Drivers/STM32F4xx_HAL_Driver/Src/stm32f4xx_hal_rcc_ex.o
 .comment       0x0000000000000059       0x5a ./Drivers/STM32F4xx_HAL_Driver/Src/stm32f4xx_hal_uart.o
 .comment       0x0000000000000059       0x4e /usr/lib/gcc/arm-none-eabi/9.2.1/../../../arm-none-eabi/lib/thumb/v7e-m+fp/hard/libc_nano.a(lib_a-init.o)
                                         0x4f (size before relaxing)
 .comment       0x00000000000000a7       0x4f /usr/lib/gcc/arm-none-eabi/9.2.1/../../../arm-none-eabi/lib/thumb/v7e-m+fp/hard/libc_nano.a(lib_a-memset.o)
 .comment       0x00000000000000a7       0x5a /usr/lib/gcc/arm-none-eabi/9.2.1/thumb/v7e-m+fp/hard/libgcc.a(_udivmoddi4.o)
 .comment       0x00000000000000a7       0x5a /usr/lib/gcc/arm-none-eabi/9.2.1/thumb/v7e-m+fp/hard/crtend.o

.debug_info     0x0000000000000000     0xb4b8
 .debug_info    0x0000000000000000      0xd18 ./Core/Src/main.o
 .debug_info    0x0000000000000d18      0xc45 ./Core/Src/stm32f4xx_hal_msp.o
 .debug_info    0x000000000000195d      0x6dd ./Core/Src/stm32f4xx_it.o
 .debug_info    0x000000000000203a      0x5b8 ./Core/Src/system_stm32f4xx.o
 .debug_info    0x00000000000025f2       0x22 ./Core/Startup/startup_stm32f446retx.o
 .debug_info    0x0000000000002614      0x9e4 ./Drivers/STM32F4xx_HAL_Driver/Src/stm32f4xx_hal.o
 .debug_info    0x0000000000002ff8      0xed1 ./Drivers/STM32F4xx_HAL_Driver/Src/stm32f4xx_hal_cortex.o
 .debug_info    0x0000000000003ec9      0x9cd ./Drivers/STM32F4xx_HAL_Driver/Src/stm32f4xx_hal_dma.o
 .debug_info    0x0000000000004896      0x862 ./Drivers/STM32F4xx_HAL_Driver/Src/stm32f4xx_hal_gpio.o
 .debug_info    0x00000000000050f8      0x99f ./Drivers/STM32F4xx_HAL_Driver/Src/stm32f4xx_hal_rcc.o
 .debug_info    0x0000000000005a97      0xa56 ./Drivers/STM32F4xx_HAL_Driver/Src/stm32f4xx_hal_rcc_ex.o
 .debug_info    0x00000000000064ed     0x31a2 ./Drivers/STM32F4xx_HAL_Driver/Src/stm32f4xx_hal_uart.o
 .debug_info    0x000000000000968f      0x11a /usr/lib/gcc/arm-none-eabi/9.2.1/../../../arm-none-eabi/lib/thumb/v7e-m+fp/hard/libc_nano.a(lib_a-init.o)
 .debug_info    0x00000000000097a9      0xf21 /usr/lib/gcc/arm-none-eabi/9.2.1/../../../arm-none-eabi/lib/thumb/v7e-m+fp/hard/libc_nano.a(lib_a-memset.o)
 .debug_info    0x000000000000a6ca       0x26 /usr/lib/gcc/arm-none-eabi/9.2.1/../../../arm-none-eabi/lib/thumb/v7e-m+fp/hard/libc_nano.a(lib_a-strcmp.o)
 .debug_info    0x000000000000a6f0       0x26 /usr/lib/gcc/arm-none-eabi/9.2.1/thumb/v7e-m+fp/hard/libgcc.a(_aeabi_uldivmod.o)
 .debug_info    0x000000000000a716      0xd7c /usr/lib/gcc/arm-none-eabi/9.2.1/thumb/v7e-m+fp/hard/libgcc.a(_udivmoddi4.o)
 .debug_info    0x000000000000b492       0x26 /usr/lib/gcc/arm-none-eabi/9.2.1/thumb/v7e-m+fp/hard/libgcc.a(_dvmd_tls.o)

.debug_abbrev   0x0000000000000000     0x1bff
 .debug_abbrev  0x0000000000000000      0x238 ./Core/Src/main.o
 .debug_abbrev  0x0000000000000238      0x1b5 ./Core/Src/stm32f4xx_hal_msp.o
 .debug_abbrev  0x00000000000003ed      0x163 ./Core/Src/stm32f4xx_it.o
 .debug_abbrev  0x0000000000000550      0x145 ./Core/Src/system_stm32f4xx.o
 .debug_abbrev  0x0000000000000695       0x12 ./Core/Startup/startup_stm32f446retx.o
 .debug_abbrev  0x00000000000006a7      0x1ed ./Drivers/STM32F4xx_HAL_Driver/Src/stm32f4xx_hal.o
 .debug_abbrev  0x0000000000000894      0x33c ./Drivers/STM32F4xx_HAL_Driver/Src/stm32f4xx_hal_cortex.o
 .debug_abbrev  0x0000000000000bd0      0x259 ./Drivers/STM32F4xx_HAL_Driver/Src/stm32f4xx_hal_dma.o
 .debug_abbrev  0x0000000000000e29      0x1f1 ./Drivers/STM32F4xx_HAL_Driver/Src/stm32f4xx_hal_gpio.o
 .debug_abbrev  0x000000000000101a      0x275 ./Drivers/STM32F4xx_HAL_Driver/Src/stm32f4xx_hal_rcc.o
 .debug_abbrev  0x000000000000128f      0x1e2 ./Drivers/STM32F4xx_HAL_Driver/Src/stm32f4xx_hal_rcc_ex.o
 .debug_abbrev  0x0000000000001471      0x2eb ./Drivers/STM32F4xx_HAL_Driver/Src/stm32f4xx_hal_uart.o
 .debug_abbrev  0x000000000000175c       0xcc /usr/lib/gcc/arm-none-eabi/9.2.1/../../../arm-none-eabi/lib/thumb/v7e-m+fp/hard/libc_nano.a(lib_a-init.o)
 .debug_abbrev  0x0000000000001828      0x1d9 /usr/lib/gcc/arm-none-eabi/9.2.1/../../../arm-none-eabi/lib/thumb/v7e-m+fp/hard/libc_nano.a(lib_a-memset.o)
 .debug_abbrev  0x0000000000001a01       0x14 /usr/lib/gcc/arm-none-eabi/9.2.1/../../../arm-none-eabi/lib/thumb/v7e-m+fp/hard/libc_nano.a(lib_a-strcmp.o)
 .debug_abbrev  0x0000000000001a15       0x14 /usr/lib/gcc/arm-none-eabi/9.2.1/thumb/v7e-m+fp/hard/libgcc.a(_aeabi_uldivmod.o)
 .debug_abbrev  0x0000000000001a29      0x1c2 /usr/lib/gcc/arm-none-eabi/9.2.1/thumb/v7e-m+fp/hard/libgcc.a(_udivmoddi4.o)
 .debug_abbrev  0x0000000000001beb       0x14 /usr/lib/gcc/arm-none-eabi/9.2.1/thumb/v7e-m+fp/hard/libgcc.a(_dvmd_tls.o)

.debug_aranges  0x0000000000000000      0x7d8
 .debug_aranges
                0x0000000000000000       0x40 ./Core/Src/main.o
 .debug_aranges
                0x0000000000000040       0x30 ./Core/Src/stm32f4xx_hal_msp.o
 .debug_aranges
                0x0000000000000070       0x68 ./Core/Src/stm32f4xx_it.o
 .debug_aranges
                0x00000000000000d8       0x28 ./Core/Src/system_stm32f4xx.o
 .debug_aranges
                0x0000000000000100       0x28 ./Core/Startup/startup_stm32f446retx.o
 .debug_aranges
                0x0000000000000128       0xf0 ./Drivers/STM32F4xx_HAL_Driver/Src/stm32f4xx_hal.o
 .debug_aranges
                0x0000000000000218      0x118 ./Drivers/STM32F4xx_HAL_Driver/Src/stm32f4xx_hal_cortex.o
 .debug_aranges
                0x0000000000000330       0x90 ./Drivers/STM32F4xx_HAL_Driver/Src/stm32f4xx_hal_dma.o
 .debug_aranges
                0x00000000000003c0       0x58 ./Drivers/STM32F4xx_HAL_Driver/Src/stm32f4xx_hal_gpio.o
 .debug_aranges
                0x0000000000000418       0x88 ./Drivers/STM32F4xx_HAL_Driver/Src/stm32f4xx_hal_rcc.o
 .debug_aranges
                0x00000000000004a0       0x78 ./Drivers/STM32F4xx_HAL_Driver/Src/stm32f4xx_hal_rcc_ex.o
 .debug_aranges
                0x0000000000000518      0x200 ./Drivers/STM32F4xx_HAL_Driver/Src/stm32f4xx_hal_uart.o
 .debug_aranges
                0x0000000000000718       0x20 /usr/lib/gcc/arm-none-eabi/9.2.1/../../../arm-none-eabi/lib/thumb/v7e-m+fp/hard/libc_nano.a(lib_a-init.o)
 .debug_aranges
                0x0000000000000738       0x20 /usr/lib/gcc/arm-none-eabi/9.2.1/../../../arm-none-eabi/lib/thumb/v7e-m+fp/hard/libc_nano.a(lib_a-memset.o)
 .debug_aranges
                0x0000000000000758       0x20 /usr/lib/gcc/arm-none-eabi/9.2.1/../../../arm-none-eabi/lib/thumb/v7e-m+fp/hard/libc_nano.a(lib_a-strcmp.o)
 .debug_aranges
                0x0000000000000778       0x20 /usr/lib/gcc/arm-none-eabi/9.2.1/thumb/v7e-m+fp/hard/libgcc.a(_aeabi_uldivmod.o)
 .debug_aranges
                0x0000000000000798       0x20 /usr/lib/gcc/arm-none-eabi/9.2.1/thumb/v7e-m+fp/hard/libgcc.a(_udivmoddi4.o)
 .debug_aranges
                0x00000000000007b8       0x20 /usr/lib/gcc/arm-none-eabi/9.2.1/thumb/v7e-m+fp/hard/libgcc.a(_dvmd_tls.o)

.debug_ranges   0x0000000000000000      0x758
 .debug_ranges  0x0000000000000000       0x30 ./Core/Src/main.o
 .debug_ranges  0x0000000000000030       0x20 ./Core/Src/stm32f4xx_hal_msp.o
 .debug_ranges  0x0000000000000050       0x58 ./Core/Src/stm32f4xx_it.o
 .debug_ranges  0x00000000000000a8       0x18 ./Core/Src/system_stm32f4xx.o
 .debug_ranges  0x00000000000000c0       0x20 ./Core/Startup/startup_stm32f446retx.o
 .debug_ranges  0x00000000000000e0       0xe0 ./Drivers/STM32F4xx_HAL_Driver/Src/stm32f4xx_hal.o
 .debug_ranges  0x00000000000001c0      0x108 ./Drivers/STM32F4xx_HAL_Driver/Src/stm32f4xx_hal_cortex.o
 .debug_ranges  0x00000000000002c8       0x80 ./Drivers/STM32F4xx_HAL_Driver/Src/stm32f4xx_hal_dma.o
 .debug_ranges  0x0000000000000348       0x48 ./Drivers/STM32F4xx_HAL_Driver/Src/stm32f4xx_hal_gpio.o
 .debug_ranges  0x0000000000000390       0x78 ./Drivers/STM32F4xx_HAL_Driver/Src/stm32f4xx_hal_rcc.o
 .debug_ranges  0x0000000000000408       0x68 ./Drivers/STM32F4xx_HAL_Driver/Src/stm32f4xx_hal_rcc_ex.o
 .debug_ranges  0x0000000000000470      0x220 ./Drivers/STM32F4xx_HAL_Driver/Src/stm32f4xx_hal_uart.o
 .debug_ranges  0x0000000000000690       0xc8 /usr/lib/gcc/arm-none-eabi/9.2.1/thumb/v7e-m+fp/hard/libgcc.a(_udivmoddi4.o)

.debug_macro    0x0000000000000000    0x1fee5
 .debug_macro   0x0000000000000000      0x180 ./Core/Src/main.o
 .debug_macro   0x0000000000000180      0xaa8 ./Core/Src/main.o
 .debug_macro   0x0000000000000c28      0x295 ./Core/Src/main.o
 .debug_macro   0x0000000000000ebd       0x2e ./Core/Src/main.o
 .debug_macro   0x0000000000000eeb       0x28 ./Core/Src/main.o
 .debug_macro   0x0000000000000f13      0x34e ./Core/Src/main.o
 .debug_macro   0x0000000000001261       0x1c ./Core/Src/main.o
 .debug_macro   0x000000000000127d       0x22 ./Core/Src/main.o
 .debug_macro   0x000000000000129f       0xdf ./Core/Src/main.o
 .debug_macro   0x000000000000137e     0x102d ./Core/Src/main.o
 .debug_macro   0x00000000000023ab      0x11f ./Core/Src/main.o
 .debug_macro   0x00000000000024ca    0x16749 ./Core/Src/main.o
 .debug_macro   0x0000000000018c13       0x6d ./Core/Src/main.o
 .debug_macro   0x0000000000018c80     0x3666 ./Core/Src/main.o
 .debug_macro   0x000000000001c2e6      0x174 ./Core/Src/main.o
 .debug_macro   0x000000000001c45a       0x5c ./Core/Src/main.o
 .debug_macro   0x000000000001c4b6      0xc90 ./Core/Src/main.o
 .debug_macro   0x000000000001d146      0x9fe ./Core/Src/main.o
 .debug_macro   0x000000000001db44      0x116 ./Core/Src/main.o
 .debug_macro   0x000000000001dc5a      0x1a0 ./Core/Src/main.o
 .debug_macro   0x000000000001ddfa       0xa5 ./Core/Src/main.o
 .debug_macro   0x000000000001de9f      0x16d ./Core/Src/main.o
 .debug_macro   0x000000000001e00c      0x287 ./Core/Src/main.o
 .debug_macro   0x000000000001e293       0x5f ./Core/Src/main.o
 .debug_macro   0x000000000001e2f2      0x236 ./Core/Src/main.o
 .debug_macro   0x000000000001e528      0x132 ./Core/Src/main.o
 .debug_macro   0x000000000001e65a      0x29c ./Core/Src/main.o
 .debug_macro   0x000000000001e8f6       0x2e ./Core/Src/main.o
 .debug_macro   0x000000000001e924      0x11a ./Core/Src/main.o
 .debug_macro   0x000000000001ea3e       0xe8 ./Core/Src/main.o
 .debug_macro   0x000000000001eb26       0x89 ./Core/Src/main.o
 .debug_macro   0x000000000001ebaf      0x295 ./Core/Src/main.o
 .debug_macro   0x000000000001ee44      0x126 ./Core/Src/main.o
 .debug_macro   0x000000000001ef6a       0x58 ./Core/Src/main.o
 .debug_macro   0x000000000001efc2      0x180 ./Core/Src/stm32f4xx_hal_msp.o
 .debug_macro   0x000000000001f142      0x18a ./Core/Src/stm32f4xx_it.o
 .debug_macro   0x000000000001f2cc      0x171 ./Core/Src/system_stm32f4xx.o
 .debug_macro   0x000000000001f43d      0x1d1 ./Drivers/STM32F4xx_HAL_Driver/Src/stm32f4xx_hal.o
 .debug_macro   0x000000000001f60e      0x171 ./Drivers/STM32F4xx_HAL_Driver/Src/stm32f4xx_hal_cortex.o
 .debug_macro   0x000000000001f77f      0x177 ./Drivers/STM32F4xx_HAL_Driver/Src/stm32f4xx_hal_dma.o
 .debug_macro   0x000000000001f8f6      0x177 ./Drivers/STM32F4xx_HAL_Driver/Src/stm32f4xx_hal_gpio.o
 .debug_macro   0x000000000001fa6d      0x195 ./Drivers/STM32F4xx_HAL_Driver/Src/stm32f4xx_hal_rcc.o
 .debug_macro   0x000000000001fc02      0x171 ./Drivers/STM32F4xx_HAL_Driver/Src/stm32f4xx_hal_rcc_ex.o
 .debug_macro   0x000000000001fd73      0x172 ./Drivers/STM32F4xx_HAL_Driver/Src/stm32f4xx_hal_uart.o

.debug_line     0x0000000000000000     0x81b5
 .debug_line    0x0000000000000000      0x49c ./Core/Src/main.o
 .debug_line    0x000000000000049c      0x3dd ./Core/Src/stm32f4xx_hal_msp.o
 .debug_line    0x0000000000000879      0x466 ./Core/Src/stm32f4xx_it.o
 .debug_line    0x0000000000000cdf      0x40d ./Core/Src/system_stm32f4xx.o
 .debug_line    0x00000000000010ec       0x88 ./Core/Startup/startup_stm32f446retx.o
 .debug_line    0x0000000000001174      0x673 ./Drivers/STM32F4xx_HAL_Driver/Src/stm32f4xx_hal.o
 .debug_line    0x00000000000017e7      0x922 ./Drivers/STM32F4xx_HAL_Driver/Src/stm32f4xx_hal_cortex.o
 .debug_line    0x0000000000002109      0xbd8 ./Drivers/STM32F4xx_HAL_Driver/Src/stm32f4xx_hal_dma.o
 .debug_line    0x0000000000002ce1      0x7d5 ./Drivers/STM32F4xx_HAL_Driver/Src/stm32f4xx_hal_gpio.o
 .debug_line    0x00000000000034b6      0x9fb ./Drivers/STM32F4xx_HAL_Driver/Src/stm32f4xx_hal_rcc.o
 .debug_line    0x0000000000003eb1     0x1081 ./Drivers/STM32F4xx_HAL_Driver/Src/stm32f4xx_hal_rcc_ex.o
 .debug_line    0x0000000000004f32     0x26fa ./Drivers/STM32F4xx_HAL_Driver/Src/stm32f4xx_hal_uart.o
 .debug_line    0x000000000000762c      0x10d /usr/lib/gcc/arm-none-eabi/9.2.1/../../../arm-none-eabi/lib/thumb/v7e-m+fp/hard/libc_nano.a(lib_a-init.o)
 .debug_line    0x0000000000007739      0x26b /usr/lib/gcc/arm-none-eabi/9.2.1/../../../arm-none-eabi/lib/thumb/v7e-m+fp/hard/libc_nano.a(lib_a-memset.o)
 .debug_line    0x00000000000079a4      0x137 /usr/lib/gcc/arm-none-eabi/9.2.1/../../../arm-none-eabi/lib/thumb/v7e-m+fp/hard/libc_nano.a(lib_a-strcmp.o)
 .debug_line    0x0000000000007adb       0x60 /usr/lib/gcc/arm-none-eabi/9.2.1/thumb/v7e-m+fp/hard/libgcc.a(_aeabi_uldivmod.o)
 .debug_line    0x0000000000007b3b      0x61a /usr/lib/gcc/arm-none-eabi/9.2.1/thumb/v7e-m+fp/hard/libgcc.a(_udivmoddi4.o)
 .debug_line    0x0000000000008155       0x60 /usr/lib/gcc/arm-none-eabi/9.2.1/thumb/v7e-m+fp/hard/libgcc.a(_dvmd_tls.o)

.debug_str      0x0000000000000000    0xc5c93
 .debug_str     0x0000000000000000    0xc2196 ./Core/Src/main.o
                                      0xc245e (size before relaxing)
 .debug_str     0x00000000000c2196      0x558 ./Core/Src/stm32f4xx_hal_msp.o
                                      0xc27e0 (size before relaxing)
 .debug_str     0x00000000000c26ee       0xcf ./Core/Src/stm32f4xx_it.o
                                      0xc21a1 (size before relaxing)
 .debug_str     0x00000000000c27bd       0xaf ./Core/Src/system_stm32f4xx.o
                                      0xc1d41 (size before relaxing)
 .debug_str     0x00000000000c286c       0x34 ./Core/Startup/startup_stm32f446retx.o
                                         0x66 (size before relaxing)
 .debug_str     0x00000000000c28a0      0x58d ./Drivers/STM32F4xx_HAL_Driver/Src/stm32f4xx_hal.o
                                      0xc2864 (size before relaxing)
 .debug_str     0x00000000000c2e2d      0x399 ./Drivers/STM32F4xx_HAL_Driver/Src/stm32f4xx_hal_cortex.o
                                      0xc262e (size before relaxing)
 .debug_str     0x00000000000c31c6      0x322 ./Drivers/STM32F4xx_HAL_Driver/Src/stm32f4xx_hal_dma.o
                                      0xc2146 (size before relaxing)
 .debug_str     0x00000000000c34e8      0x15f ./Drivers/STM32F4xx_HAL_Driver/Src/stm32f4xx_hal_gpio.o
                                      0xc1edd (size before relaxing)
 .debug_str     0x00000000000c3647      0x257 ./Drivers/STM32F4xx_HAL_Driver/Src/stm32f4xx_hal_rcc.o
                                      0xc2132 (size before relaxing)
 .debug_str     0x00000000000c389e      0x324 ./Drivers/STM32F4xx_HAL_Driver/Src/stm32f4xx_hal_rcc_ex.o
                                      0xc219a (size before relaxing)
 .debug_str     0x00000000000c3bc2      0x60b ./Drivers/STM32F4xx_HAL_Driver/Src/stm32f4xx_hal_uart.o
                                      0xc268e (size before relaxing)
 .debug_str     0x00000000000c41cd      0x187 /usr/lib/gcc/arm-none-eabi/9.2.1/../../../arm-none-eabi/lib/thumb/v7e-m+fp/hard/libc_nano.a(lib_a-init.o)
                                        0x229 (size before relaxing)
 .debug_str     0x00000000000c4354      0x6ee /usr/lib/gcc/arm-none-eabi/9.2.1/../../../arm-none-eabi/lib/thumb/v7e-m+fp/hard/libc_nano.a(lib_a-memset.o)
                                        0x90f (size before relaxing)
 .debug_str     0x00000000000c4a42       0xa9 /usr/lib/gcc/arm-none-eabi/9.2.1/../../../arm-none-eabi/lib/thumb/v7e-m+fp/hard/libc_nano.a(lib_a-strcmp.o)
                                         0xb5 (size before relaxing)
 .debug_str     0x00000000000c4aeb       0x97 /usr/lib/gcc/arm-none-eabi/9.2.1/thumb/v7e-m+fp/hard/libgcc.a(_aeabi_uldivmod.o)
                                         0xa3 (size before relaxing)
 .debug_str     0x00000000000c4b82     0x10e1 /usr/lib/gcc/arm-none-eabi/9.2.1/thumb/v7e-m+fp/hard/libgcc.a(_udivmoddi4.o)
                                       0x11e6 (size before relaxing)
 .debug_str     0x00000000000c5c63       0x30 /usr/lib/gcc/arm-none-eabi/9.2.1/thumb/v7e-m+fp/hard/libgcc.a(_dvmd_tls.o)
                                         0xa7 (size before relaxing)

.debug_frame    0x0000000000000000     0x1c74
 .debug_frame   0x0000000000000000       0xa8 ./Core/Src/main.o
 .debug_frame   0x00000000000000a8       0x7c ./Core/Src/stm32f4xx_hal_msp.o
 .debug_frame   0x0000000000000124      0x120 ./Core/Src/stm32f4xx_it.o
 .debug_frame   0x0000000000000244       0x58 ./Core/Src/system_stm32f4xx.o
 .debug_frame   0x000000000000029c      0x374 ./Drivers/STM32F4xx_HAL_Driver/Src/stm32f4xx_hal.o
 .debug_frame   0x0000000000000610      0x498 ./Drivers/STM32F4xx_HAL_Driver/Src/stm32f4xx_hal_cortex.o
 .debug_frame   0x0000000000000aa8      0x250 ./Drivers/STM32F4xx_HAL_Driver/Src/stm32f4xx_hal_dma.o
 .debug_frame   0x0000000000000cf8      0x14c ./Drivers/STM32F4xx_HAL_Driver/Src/stm32f4xx_hal_gpio.o
 .debug_frame   0x0000000000000e44      0x1f0 ./Drivers/STM32F4xx_HAL_Driver/Src/stm32f4xx_hal_rcc.o
 .debug_frame   0x0000000000001034      0x1e8 ./Drivers/STM32F4xx_HAL_Driver/Src/stm32f4xx_hal_rcc_ex.o
 .debug_frame   0x000000000000121c      0x92c ./Drivers/STM32F4xx_HAL_Driver/Src/stm32f4xx_hal_uart.o
 .debug_frame   0x0000000000001b48       0x2c /usr/lib/gcc/arm-none-eabi/9.2.1/../../../arm-none-eabi/lib/thumb/v7e-m+fp/hard/libc_nano.a(lib_a-init.o)
 .debug_frame   0x0000000000001b74       0x38 /usr/lib/gcc/arm-none-eabi/9.2.1/../../../arm-none-eabi/lib/thumb/v7e-m+fp/hard/libc_nano.a(lib_a-memset.o)
 .debug_frame   0x0000000000001bac       0x68 /usr/lib/gcc/arm-none-eabi/9.2.1/../../../arm-none-eabi/lib/thumb/v7e-m+fp/hard/libc_nano.a(lib_a-strcmp.o)
 .debug_frame   0x0000000000001c14       0x2c /usr/lib/gcc/arm-none-eabi/9.2.1/thumb/v7e-m+fp/hard/libgcc.a(_aeabi_uldivmod.o)
 .debug_frame   0x0000000000001c40       0x34 /usr/lib/gcc/arm-none-eabi/9.2.1/thumb/v7e-m+fp/hard/libgcc.a(_udivmoddi4.o)

.debug_loc      0x0000000000000000     0x128d
 .debug_loc     0x0000000000000000       0xba /usr/lib/gcc/arm-none-eabi/9.2.1/../../../arm-none-eabi/lib/thumb/v7e-m+fp/hard/libc_nano.a(lib_a-init.o)
 .debug_loc     0x00000000000000ba      0x231 /usr/lib/gcc/arm-none-eabi/9.2.1/../../../arm-none-eabi/lib/thumb/v7e-m+fp/hard/libc_nano.a(lib_a-memset.o)
 .debug_loc     0x00000000000002eb      0xfa2 /usr/lib/gcc/arm-none-eabi/9.2.1/thumb/v7e-m+fp/hard/libgcc.a(_udivmoddi4.o)
